\BOOKMARK [1][-]{section.1}{\376\377\137\025\212\000}{}% 1
\BOOKMARK [2][-]{subsection.1.1}{\376\377\151\202\163\207\146\264\145\077\377\032\137\123\122\115\203\003\137\017\166\204\226\220\140\047\177\072\226\167}{section.1}% 2
\BOOKMARK [2][-]{subsection.1.2}{\376\377\147\204\140\363\215\167\156\220\377\032\116\316\154\342\137\142\226\220\125\273\122\060\224\376\137\017\123\315\136\224}{section.1}% 3
\BOOKMARK [2][-]{subsection.1.3}{\376\377\116\272\174\173\116\244\155\101\116\055\166\204\157\134\123\360\213\315\116\016\126\336\124\315}{section.1}% 4
\BOOKMARK [2][-]{subsection.1.4}{\376\377\116\016\163\260\147\011\145\271\154\325\166\204\147\054\215\050\123\072\122\053}{section.1}% 5
\BOOKMARK [2][-]{subsection.1.5}{\376\377\147\054\145\207\215\041\163\056}{section.1}% 6
\BOOKMARK [1][-]{section.2}{\376\377\145\271\154\325}{}% 7
\BOOKMARK [2][-]{subsection.2.1}{\376\377\140\073\117\123\150\106\147\266}{section.2}% 8
\BOOKMARK [2][-]{subsection.2.2}{\376\377\213\355\116\111\126\336\124\315\154\140}{section.2}% 9
\BOOKMARK [2][-]{subsection.2.3}{\376\377\140\305\141\037\213\315\136\223\173\133\220\011}{section.2}% 10
\BOOKMARK [2][-]{subsection.2.4}{\376\377\140\035\200\003\226\066\153\265\122\006\171\273\154\350\121\145}{section.2}% 11
\BOOKMARK [2][-]{subsection.2.5}{\376\377\116\011\171\315\117\335\165\131\173\126\165\145}{section.2}% 12
\BOOKMARK [1][-]{section.3}{\376\377\133\236\232\214}{}% 13
\BOOKMARK [2][-]{subsection.3.1}{\376\377\133\236\232\214\213\276\177\156}{section.3}% 14
\BOOKMARK [2][-]{subsection.3.2}{\376\377\133\236\232\214\131\015\163\260\217\307\172\013}{section.3}% 15
\BOOKMARK [2][-]{subsection.3.3}{\376\377\173\054\116\000\217\156\176\323\147\234\377\032\166\204\000U\127\213\145\110\136\224}{section.3}% 16
\BOOKMARK [2][-]{subsection.3.4}{\376\377\173\054\116\214\217\156\176\323\147\234\377\032\140\305\141\037\173\133\220\011\116\016\226\066\153\265\122\006\171\273}{section.3}% 17
\BOOKMARK [2][-]{subsection.3.5}{\376\377\173\054\116\011\217\156\176\323\147\234\377\032\117\335\165\131\173\126\165\145\133\371\153\324}{section.3}% 18
\BOOKMARK [2][-]{subsection.3.6}{\376\377\220\020\176\364\136\246\122\006\147\220}{section.3}% 19
\BOOKMARK [2][-]{subsection.3.7}{\376\377\155\210\207\215\170\024\172\166}{section.3}% 20
\BOOKMARK [2][-]{subsection.3.8}{\376\377\150\110\117\213\170\024\172\166}{section.3}% 21
\BOOKMARK [1][-]{section.4}{\376\377\213\250\213\272}{}% 22
\BOOKMARK [2][-]{subsection.4.1}{\376\377\000-\161\265\227\136\123\125\214\003\121\163\174\373\116\016\117\341\140\157\000-\126\152\130\360\172\336\116\211\152\041\127\213}{section.4}% 23
\BOOKMARK [2][-]{subsection.4.2}{\376\377\121\163\116\216\140\305\141\037\116\016\141\017\213\306\166\204\213\250\213\272}{section.4}% 24
\BOOKMARK [2][-]{subsection.4.3}{\376\377\117\335\165\131\173\126\165\145\122\006\147\220}{section.4}% 25
\BOOKMARK [2][-]{subsection.4.4}{\376\377\116\015\220\002\165\050\203\003\126\364}{section.4}% 26
\BOOKMARK [2][-]{subsection.4.5}{\376\377\134\100\226\120\140\047\116\016\147\052\147\145\135\345\117\134}{section.4}% 27
\BOOKMARK [1][-]{section.5}{\376\377\176\323\213\272}{}% 28
